// Jest Snapshot v1, https://goo.gl/fbAQLP

exports[`Providers renders correctly 1`] = `
<span>
  Test
</span>
`;
